C:/TouchGFXProjects/khoidaumoi/Core/Src/main.c:980:13:SPI5_Write	16	static
C:/TouchGFXProjects/khoidaumoi/Core/Src/main.c:272:6:SystemClock_Config	96	static
C:/TouchGFXProjects/khoidaumoi/Core/Src/main.c:165:5:main	128	static
C:/TouchGFXProjects/khoidaumoi/Core/Src/main.c:824:6:IOE_Init	0	static
C:/TouchGFXProjects/khoidaumoi/Core/Src/main.c:833:6:IOE_ITConfig	0	static
C:/TouchGFXProjects/khoidaumoi/Core/Src/main.c:845:6:IOE_Write	32	static
C:/TouchGFXProjects/khoidaumoi/Core/Src/main.c:856:9:IOE_Read	32	static
C:/TouchGFXProjects/khoidaumoi/Core/Src/main.c:869:10:IOE_ReadMultiple	24	static
C:/TouchGFXProjects/khoidaumoi/Core/Src/main.c:878:6:IOE_Delay	0	static
C:/TouchGFXProjects/khoidaumoi/Core/Src/main.c:1006:6:LCD_IO_Init	8	static
C:/TouchGFXProjects/khoidaumoi/Core/Src/main.c:1016:6:LCD_IO_WriteData	16	static
C:/TouchGFXProjects/khoidaumoi/Core/Src/main.c:1032:6:LCD_IO_WriteReg	16	static
C:/TouchGFXProjects/khoidaumoi/Core/Src/main.c:1051:10:LCD_IO_ReadData	32	static
C:/TouchGFXProjects/khoidaumoi/Core/Src/main.c:1078:6:LCD_Delay	0	static
C:/TouchGFXProjects/khoidaumoi/Core/Src/main.c:1088:6:Joystick_ReadData	0	static
C:/TouchGFXProjects/khoidaumoi/Core/Src/main.c:1118:6:StartDefaultTask	24	static
C:/TouchGFXProjects/khoidaumoi/Core/Src/main.c:1156:6:HAL_TIM_PeriodElapsedCallback	0	static
C:/TouchGFXProjects/khoidaumoi/Core/Src/main.c:1174:6:Error_Handler	0	static
