../../Middlewares/ST/touchgfx/framework/include/touchgfx/Screen.hpp:104:18:virtual void touchgfx::Screen::afterTransition()	0	static
../../Middlewares/ST/touchgfx/framework/include/touchgfx/Screen.hpp:154:18:virtual void touchgfx::Screen::handleKeyEvent(uint8_t)	0	static
C:/TouchGFXProjects/khoidaumoi/TouchGFX/gui/src/screen2_screen/Screen2View.cpp:48:6:virtual void Screen2View::tearDownScreen()	0	static
../../TouchGFX/gui/include/gui/screen2_screen/Screen2View.hpp:11:13:Screen2View::~Screen2View()	8	static
../../TouchGFX/gui/include/gui/screen2_screen/Screen2View.hpp:11:13:virtual Screen2View::~Screen2View()	8	static
../../Middlewares/ST/touchgfx/framework/include/touchgfx/Drawable.hpp:343:10:void touchgfx::Drawable::setXY(int16_t, int16_t)	16	static
C:/TouchGFXProjects/khoidaumoi/TouchGFX/gui/src/screen2_screen/Screen2View.cpp:13:1:Screen2View::Screen2View()	8	static
C:/TouchGFXProjects/khoidaumoi/TouchGFX/gui/src/screen2_screen/Screen2View.cpp:211:6:void Screen2View::playerLeftJump()	0	static
C:/TouchGFXProjects/khoidaumoi/TouchGFX/gui/src/screen2_screen/Screen2View.cpp:220:6:void Screen2View::playerLeftMoveForward()	0	static
C:/TouchGFXProjects/khoidaumoi/TouchGFX/gui/src/screen2_screen/Screen2View.cpp:232:6:void Screen2View::playerLeftMoveBackward()	0	static
C:/TouchGFXProjects/khoidaumoi/TouchGFX/gui/src/screen2_screen/Screen2View.cpp:242:6:void Screen2View::playerRightJump()	0	static
C:/TouchGFXProjects/khoidaumoi/TouchGFX/gui/src/screen2_screen/Screen2View.cpp:136:6:void Screen2View::handleJoystickData()	24	static
C:/TouchGFXProjects/khoidaumoi/TouchGFX/gui/src/screen2_screen/Screen2View.cpp:251:6:void Screen2View::playerRightMoveForward()	0	static
C:/TouchGFXProjects/khoidaumoi/TouchGFX/gui/src/screen2_screen/Screen2View.cpp:260:6:void Screen2View::playerRightMoveBackward()	0	static
C:/TouchGFXProjects/khoidaumoi/TouchGFX/gui/src/screen2_screen/Screen2View.cpp:18:6:virtual void Screen2View::setupScreen()	8	static
C:/TouchGFXProjects/khoidaumoi/TouchGFX/gui/src/screen2_screen/Screen2View.cpp:71:6:void Screen2View::updatePhysics()	40	static
C:/TouchGFXProjects/khoidaumoi/TouchGFX/gui/src/screen2_screen/Screen2View.cpp:53:6:virtual void Screen2View::handleTickEvent()	8	static
