../../Middlewares/ST/touchgfx/framework/include/touchgfx/Screen.hpp:104:18:virtual void touchgfx::Screen::afterTransition()	0	static
../../Middlewares/ST/touchgfx/framework/include/touchgfx/Screen.hpp:154:18:virtual void touchgfx::Screen::handleKeyEvent(uint8_t)	0	static
C:/TouchGFXProjects/khoidaumoi/TouchGFX/gui/src/screen2_screen/Screen2View.cpp:66:6:virtual void Screen2View::tearDownScreen()	0	static
../../TouchGFX/gui/include/gui/screen2_screen/Screen2View.hpp:11:13:Screen2View::~Screen2View()	8	static
../../TouchGFX/gui/include/gui/screen2_screen/Screen2View.hpp:11:13:virtual Screen2View::~Screen2View()	8	static
../../Middlewares/ST/touchgfx/framework/include/touchgfx/Drawable.hpp:343:10:void touchgfx::Drawable::setXY(int16_t, int16_t)	16	static
C:/TouchGFXProjects/khoidaumoi/TouchGFX/gui/src/screen2_screen/Screen2View.cpp:16:1:Screen2View::Screen2View()	8	static
C:/TouchGFXProjects/khoidaumoi/TouchGFX/gui/src/screen2_screen/Screen2View.cpp:273:6:void Screen2View::playerLeftJump()	0	static
C:/TouchGFXProjects/khoidaumoi/TouchGFX/gui/src/screen2_screen/Screen2View.cpp:283:6:void Screen2View::playerLeftMoveForward()	0	static
C:/TouchGFXProjects/khoidaumoi/TouchGFX/gui/src/screen2_screen/Screen2View.cpp:297:6:void Screen2View::playerLeftMoveBackward()	0	static
C:/TouchGFXProjects/khoidaumoi/TouchGFX/gui/src/screen2_screen/Screen2View.cpp:308:6:void Screen2View::playerRightJump()	0	static
C:/TouchGFXProjects/khoidaumoi/TouchGFX/gui/src/screen2_screen/Screen2View.cpp:179:6:void Screen2View::handleJoystickData()	24	static
C:/TouchGFXProjects/khoidaumoi/TouchGFX/gui/src/screen2_screen/Screen2View.cpp:318:6:void Screen2View::playerRightMoveForward()	0	static
C:/TouchGFXProjects/khoidaumoi/TouchGFX/gui/src/screen2_screen/Screen2View.cpp:328:6:void Screen2View::playerRightMoveBackward()	0	static
C:/TouchGFXProjects/khoidaumoi/TouchGFX/gui/src/screen2_screen/Screen2View.cpp:645:6:bool Screen2View::isColliding(int, int, int, int, int, int, int, int)	12	static
C:/TouchGFXProjects/khoidaumoi/TouchGFX/gui/src/screen2_screen/Screen2View.cpp:654:6:void Screen2View::shoot(float, float)	0	static
C:/TouchGFXProjects/khoidaumoi/TouchGFX/gui/src/screen2_screen/Screen2View.cpp:612:6:void Screen2View::checkPlayerBallCollision()	48	static
C:/TouchGFXProjects/khoidaumoi/TouchGFX/gui/src/screen2_screen/Screen2View.cpp:98:6:void Screen2View::updatePhysics()	40	static
C:/TouchGFXProjects/khoidaumoi/TouchGFX/gui/src/screen2_screen/Screen2View.cpp:469:6:void Screen2View::resetBallPosition()	16	static
C:/TouchGFXProjects/khoidaumoi/TouchGFX/gui/src/screen2_screen/Screen2View.cpp:518:6:void Screen2View::updateBallPhysics()	16	static
C:/TouchGFXProjects/khoidaumoi/TouchGFX/gui/src/screen2_screen/Screen2View.cpp:342:6:void Screen2View::displayCounter(int)	16	static
C:/TouchGFXProjects/khoidaumoi/TouchGFX/gui/src/screen2_screen/Screen2View.cpp:352:6:void Screen2View::resetGame()	16	static
C:/TouchGFXProjects/khoidaumoi/TouchGFX/gui/src/screen2_screen/Screen2View.cpp:483:6:void Screen2View::resetAfterGoal()	16	static
C:/TouchGFXProjects/khoidaumoi/TouchGFX/gui/src/screen2_screen/Screen2View.cpp:390:6:void Screen2View::updateScoreDisplay()	16	static
C:/TouchGFXProjects/khoidaumoi/TouchGFX/gui/src/screen2_screen/Screen2View.cpp:20:6:virtual void Screen2View::setupScreen()	16	static
C:/TouchGFXProjects/khoidaumoi/TouchGFX/gui/src/screen2_screen/Screen2View.cpp:414:6:void Screen2View::checkGoalDetection()	8	static
C:/TouchGFXProjects/khoidaumoi/TouchGFX/gui/src/screen2_screen/Screen2View.cpp:71:6:virtual void Screen2View::handleTickEvent()	8	static
